0x3000
0x0E06
0x16E1
0xF025
0x1261
0xC1C0
0x14A1
0x0FFA
0x1021
0x4FFA
0x0FFB
