0x3000
0x5021
0x0402
0x0000
0x0000
0x0000
0x1261
0x0201
0x09FC
0x14BF
0x0802
0x07F9
0xF025
0x56A0
0x0BF6
0x05FC
