0x3000
0xE007
0x4000
0x1021
0xE006
0xC000
0x0000
0x0000
0x0000
0x1261
0xC1C0
0x16E1
0xF025
